// Jest Snapshot v1, https://goo.gl/fbAQLP

exports[`With-active-card renders correctly 1`] = `<div />`;
