// Jest Snapshot v1, https://goo.gl/fbAQLP

exports[`Overview tab correctly renders 1`] = `
Array [
  <div
    className="movie-rating"
  >
    <div
      className="movie-rating__score"
    >
      5
    </div>
    <p
      className="movie-rating__meta"
    >
      <span
        className="movie-rating__level"
      >
        good
      </span>
      <span
        className="movie-rating__count"
      >
        10000
         ratings
      </span>
    </p>
  </div>,
  <div
    className="movie-card__text"
  >
    <p
      className="movie-card__director"
    >
      <strong>
        Director: 
        director
      </strong>
    </p>
    <p
      className="movie-card__starring"
    >
      <strong>
        Starring: 
        actor1, actor2, actor3
      </strong>
    </p>
  </div>,
  ";",
]
`;
