// Jest Snapshot v1, https://goo.gl/fbAQLP

exports[`Play button renders correctly 1`] = `
<a
  className="btn btn--play movie-card__button"
  href="#/film/undefined/player"
  onClick={[Function]}
>
  <svg
    height="19"
    viewBox="0 0 19 19"
    width="19"
  >
    <use
      xlinkHref="#play-s"
    />
  </svg>
  <span>
    Play
  </span>
</a>
`;
