// Jest Snapshot v1, https://goo.gl/fbAQLP

exports[`Video progress bar renders correctly 1`] = `
<div
  className="player__controls-row"
>
  <div
    className="player__time"
  >
    <progress
      className="player__progress"
      max="100"
      value={50}
    />
    <div
      className="player__toggler"
      style={
        Object {
          "left": "50%",
        }
      }
    >
      Toggler
    </div>
  </div>
  <div
    className="player__time-value"
  >
    01:30:00
  </div>
</div>
`;
