// Jest Snapshot v1, https://goo.gl/fbAQLP

exports[`Films list correctly renders 1`] = `
Array [
  <article
    className="small-movie-card catalog__movies-card"
    onMouseEnter={[Function]}
    onMouseLeave={[Function]}
  >
    <div>
      <video />
    </div>
    <h3
      className="small-movie-card__title"
    >
      <a
        className="small-movie-card__link"
        href="#/film/1"
        onClick={[Function]}
      >
        Moonrise Kingdom
      </a>
    </h3>
  </article>,
  <article
    className="small-movie-card catalog__movies-card"
    onMouseEnter={[Function]}
    onMouseLeave={[Function]}
  >
    <div>
      <video />
    </div>
    <h3
      className="small-movie-card__title"
    >
      <a
        className="small-movie-card__link"
        href="#/film/1"
        onClick={[Function]}
      >
        Gangs of New York
      </a>
    </h3>
  </article>,
]
`;
