// Jest Snapshot v1, https://goo.gl/fbAQLP

exports[`With-active-genre correctly renders 1`] = `<div />`;
